
> gedp@0.0.0 build
> vite build

[36mvite v7.3.1 [32mbuilding client environment for production...[36m[39m
transforming...
node.exe : <script src="./admin.js"> in 
"/admin.html" can't be bundled without 
type="module" attribute
At line:1 char:1
+ & "C:\Program Files\nodejs/node.exe" "C:\Program 
Files\nodejs/node_mo ...
+ ~~~~~~~~~~~~~~~~~~~~~~~~~~~~~~~~~~~~~~~~~~~~~~~~~~
~~~~~~~~~~~~~~~~~~~
    + CategoryInfo          : NotSpecified: (<scrip 
   t src="./...dule" attribute:String) [], RemoteE  
  xception
    + FullyQualifiedErrorId : NativeCommandError
 
<script src="../gedp-nav.js"> in 
"/assurance/index.html" can't be bundled without 
type="module" attribute
<script src="script.js"> in "/assurance/index.html" 
can't be bundled without type="module" attribute
<script src="../gedp-nav.js"> in 
"/promotion/index.html" can't be bundled without 
type="module" attribute
<script src="script.js"> in "/promotion/index.html" 
can't be bundled without type="module" attribute
<script src="../gedp-nav.js"> in 
"/school-placement/index.html" can't be bundled 
without type="module" attribute
<script src="script.js"> in 
"/school-placement/index.html" can't be bundled 
without type="module" attribute
<script src="../gedp-nav.js"> in 
"/transfer/index.html" can't be bundled without 
type="module" attribute
<script src="script.js"> in "/transfer/index.html" 
can't be bundled without type="module" attribute
<script src="../gedp-nav.js"> in 
"/upgrading/index.html" can't be bundled without 
type="module" attribute
<script src="../gedp-nav.js"> in 
"/recruitment-portal/index.html" can't be bundled 
without type="module" attribute
<script src="script.js"> in 
"/recruitment-portal/index.html" can't be bundled 
without type="module" attribute
<script src="../gedp-nav.js"> in 
"/study-leave/index.html" can't be bundled without 
type="module" attribute
<script src="script.js"> in 
"/study-leave/index.html" can't be bundled without 
type="module" attribute
[32mÔ£ô[39m 44 modules transformed.
rendering chunks...
computing gzip size...
[2mdist/[22m[32madmin-login.html                                                                        [39m[1m[2m    6.28 kB[22m[1m[22m[2m Ôöé gzip:  1.98 kB[22m
[2mdist/[22m[32mgedp-admin-login.html                                                                   [39m[1m[2m    6.29 kB[22m[1m[22m[2m Ôöé gzip:  1.98 kB[22m
[2mdist/[22m[32mterms.html                                                                              [39m[1m[2m    8.82 kB[22m[1m[22m[2m Ôöé gzip:  2.59 kB[22m
[2mdist/[22m[32mprivacy.html                                                                            [39m[1m[2m    9.12 kB[22m[1m[22m[2m Ôöé gzip:  2.68 kB[22m
[2mdist/[22m[32madmin.html                                                                              [39m[1m[2m   15.50 kB[22m[1m[22m[2m Ôöé gzip:  3.42 kB[22m
[2mdist/[22m[32mabout.html                                                                              [39m[1m[2m   16.18 kB[22m[1m[22m[2m Ôöé gzip:  3.81 kB[22m
[2mdist/[22m[32mportals.html                                                                            [39m[1m[2m   19.75 kB[22m[1m[22m[2m Ôöé gzip:  4.33 kB[22m
[2mdist/[22m[32mblog.html                                                                               [39m[1m[2m   20.74 kB[22m[1m[22m[2m Ôöé gzip:  5.37 kB[22m
[2mdist/[22m[32mgallery.html                                                                            [39m[1m[2m   21.76 kB[22m[1m[22m[2m Ôöé gzip:  3.81 kB[22m
[2mdist/[22m[32massets/download-Iu2Qu1hn.jpg                                                            [39m[1m[2m   22.27 kB[22m[1m[22m
[2mdist/[22m[32mmodules.html                                                                            [39m[1m[2m   29.78 kB[22m[1m[22m[2m Ôöé gzip:  5.74 kB[22m
[2mdist/[22m[32mgedp-admin.html                                                                         [39m[1m[2m   34.15 kB[22m[1m[22m[2m Ôöé gzip:  7.15 kB[22m
[2mdist/[22m[32massurance/index.html                                                                    [39m[1m[2m   40.56 kB[22m[1m[22m[2m Ôöé gzip:  6.64 kB[22m
[2mdist/[22m[32mindex.html                                                                              [39m[1m[2m   42.48 kB[22m[1m[22m[2m Ôöé gzip:  8.35 kB[22m
[2mdist/[22m[32massets/GEDP-fav-Bun1ZNxY.png                                                            [39m[1m[2m   44.36 kB[22m[1m[22m
[2mdist/[22m[32massets/aeb7bccb307dfe63e7ed8a0dcaa8a477 (1)-BUBJM4EN.jpg                                [39m[1m[2m   47.62 kB[22m[1m[22m
[2mdist/[22m[32mstudy-leave/index.html                                                                  [39m[1m[2m   49.95 kB[22m[1m[22m[2m Ôöé gzip:  8.62 kB[22m
[2mdist/[22m[32mtransfer/index.html                                                                     [39m[1m[2m   54.43 kB[22m[1m[22m[2m Ôöé gzip:  7.77 kB[22m
[2mdist/[22m[32mupgrading/index.html                                                                    [39m[1m[2m   57.61 kB[22m[1m[22m[2m Ôöé gzip:  7.90 kB[22m
[2mdist/[22m[32mblog-post.html                                                                          [39m[1m[2m   59.46 kB[22m[1m[22m[2m Ôöé gzip: 14.67 kB[22m
[2mdist/[22m[32massets/Free Training and Empowerment Program on WebÔÇª (1)-CGxSoLdv.jpg                   [39m[1m[2m   60.24 kB[22m[1m[22m
[2mdist/[22m[32massets/man-writing-notebook-1FfaW_V7.jpg                                                [39m[1m[2m   60.77 kB[22m[1m[22m
[2mdist/[22m[32mschool-placement/index.html                                                             [39m[1m[2m   66.47 kB[22m[1m[22m[2m Ôöé gzip: 10.42 kB[22m
[2mdist/[22m[32massets/Free Training and Empowerment Program on WebÔÇª-nICny1mM.jpg                       [39m[1m[2m   71.57 kB[22m[1m[22m
[2mdist/[22m[32massets/7442b55debc3acfa6c3f96e799ecfe22-Dei96i8V.jpg                                    [39m[1m[2m   74.28 kB[22m[1m[22m
[2mdist/[22m[32massets/search-0ZTVTYh4.jpg                                                              [39m[1m[2m   75.46 kB[22m[1m[22m
[2mdist/[22m[32mpromotion/index.html                                                                    [39m[1m[2m   84.08 kB[22m[1m[22m[2m Ôöé gzip: 11.22 kB[22m
[2mdist/[22m[32massets/young-man-working-from-home-DvxCMKic.jpg                                         [39m[1m[2m  114.24 kB[22m[1m[22m
[2mdist/[22m[32mrecruitment-portal/index.html                                                           [39m[1m[2m  175.25 kB[22m[1m[22m[2m Ôöé gzip: 17.21 kB[22m
[2mdist/[22m[32massets/diverse-business-partners-reading-contract-together-Dv-WQwf6.jpg                 [39m[1m[2m  176.24 kB[22m[1m[22m
[2mdist/[22m[32massets/showing-papers-j3ykTuS7.jpg                                                      [39m[1m[2m  183.41 kB[22m[1m[22m
[2mdist/[22m[32massets/financial-adviser-explaining-retirement-pension-options-old-couple-CtoV5g2E.jpg  [39m[1m[2m  188.34 kB[22m[1m[22m
[2mdist/[22m[32massets/man-ordering-DHgMXKKk.jpg                                                        [39m[1m[2m  216.42 kB[22m[1m[22m
[2mdist/[22m[32massets/1S9A4665-DLf4FPHs.jpg                                                            [39m[1m[2m  219.54 kB[22m[1m[22m
[2mdist/[22m[32massets/afro-american-business-man-medium-shot-CFXxfr3n.jpg                              [39m[1m[2m  219.58 kB[22m[1m[22m
[2mdist/[22m[32massets/male-office-CjvI3CZA.jpg                                                         [39m[1m[2m  244.79 kB[22m[1m[22m
[2mdist/[22m[32massets/working-computer-IpWf20wv.jpg                                                    [39m[1m[2m  387.03 kB[22m[1m[22m
[2mdist/[22m[32massets/young-businessman-working-office-DS0R2s9F.jpg                                    [39m[1m[2m  556.56 kB[22m[1m[22m
[2mdist/[22m[32massets/greet-tb70m1ye.jpg                                                               [39m[1m[2m  566.75 kB[22m[1m[22m
[2mdist/[22m[32massets/man-reading-papers-CvkiMSTC.jpg                                                  [39m[1m[2m  696.55 kB[22m[1m[22m
[2mdist/[22m[32massets/846-140823862_medium-7Oc3Pb9j.mp4                                                [39m[1m[2m7,386.21 kB[22m[1m[22m
[2mdist/[22m[35massets/assurance-BLjn4d0o.css                                                           [39m[1m[2m    0.62 kB[22m[1m[22m[2m Ôöé gzip:  0.32 kB[22m
[2mdist/[22m[35massets/school-D9mzcDYl.css                                                              [39m[1m[2m    0.62 kB[22m[1m[22m[2m Ôöé gzip:  0.32 kB[22m
[2mdist/[22m[35massets/promotion-DTLqTcQh.css                                                           [39m[1m[2m    0.65 kB[22m[1m[22m[2m Ôöé gzip:  0.35 kB[22m
[2mdist/[22m[35massets/gedp-nav-BE8ogXtb.css                                                            [39m[1m[2m    6.37 kB[22m[1m[22m[2m Ôöé gzip:  1.79 kB[22m
[2mdist/[22m[35massets/main-T9hyek9R.css                                                                [39m[1m[2m    9.02 kB[22m[1m[22m[2m Ôöé gzip:  2.30 kB[22m
[2mdist/[22m[35massets/style-BfrF_g4o.css                                                               [39m[1m[2m   40.01 kB[22m[1m[22m[2m Ôöé gzip:  8.28 kB[22m
[2mdist/[22m[36massets/main-HjDioOIR.js                                                                 [39m[1m[2m    4.18 kB[22m[1m[22m[2m Ôöé gzip:  1.53 kB[22m
[32mÔ£ô built in 631ms[39m
